本方座位：玩家0）
【精牌】正精 八万，副精 九万
【本方手牌】一筒 二筒 二筒 西风 北风 发财 发财 白板
【本方副露】碰：七万 七万 七万；碰：四条 四条 四条
【四家弃牌】
  玩家0：九条 二万 五条 八条
  玩家1：三万 四筒 四条 一万
  玩家2：三条 七筒 二万 四筒
  玩家3：一筒 七万 二条 五筒
【四家副露】
  玩家0：碰 七万 七万 七万；碰 四条 四条 四条
  玩家1：吃 三条 四条 五条
  玩家2：吃 三万 四万 五万
  玩家3：吃 三筒 四筒 五筒
【可响应操作】无
【最近动作】玩家3 出牌 五筒
【剩余牌】72 张
